id,date,creator_login
338050579,2018-07-03 20:54:43,goderbauer
358965100,2018-09-11 09:36:19,goderbauer
359433620,2018-09-12 11:17:19,goderbauer
359441376,2018-09-12 11:41:41,goderbauer
377608363,2018-11-05 22:22:45,goderbauer
393597731,2018-12-21 21:37:58,goderbauer
