id,date,event,creator_login
2076320623,2019-01-16 02:57:33,referenced,goderbauer
2076320624,2019-01-16 02:57:33,merged,goderbauer
2076320626,2019-01-16 02:57:34,closed,goderbauer
2076320675,2019-01-16 02:57:36,head_ref_deleted,goderbauer
1947537156,2018-11-05 22:24:13,referenced,goderbauer
1947537158,2018-11-05 22:24:13,merged,goderbauer
1947537160,2018-11-05 22:24:13,closed,goderbauer
1947537266,2018-11-05 22:24:16,head_ref_deleted,goderbauer
1840902369,2018-09-12 11:41:48,referenced,goderbauer
1840902371,2018-09-12 11:41:48,merged,goderbauer
1840902372,2018-09-12 11:41:48,closed,goderbauer
1840902474,2018-09-12 11:41:51,head_ref_deleted,goderbauer
1840855717,2018-09-12 11:17:57,referenced,goderbauer
1840855719,2018-09-12 11:17:57,merged,goderbauer
1840855732,2018-09-12 11:17:57,closed,goderbauer
1840855816,2018-09-12 11:18:00,head_ref_deleted,goderbauer
1838062886,2018-09-11 09:38:47,head_ref_force_pushed,goderbauer
1838063412,2018-09-11 09:39:01,referenced,goderbauer
1838063413,2018-09-11 09:39:01,merged,goderbauer
1838063419,2018-09-11 09:39:01,closed,goderbauer
1838063522,2018-09-11 09:39:04,head_ref_deleted,goderbauer
1714993881,2018-07-03 20:54:43,review_requested,goderbauer
