id,date,event,creator_login
1828528578,2018-09-05 18:00:37,review_requested,jacob314
1828584746,2018-09-05 18:26:47,referenced,jacob314
1828584749,2018-09-05 18:26:47,merged,jacob314
1828584758,2018-09-05 18:26:47,closed,jacob314
1828584899,2018-09-05 18:26:51,head_ref_deleted,jacob314
1814748094,2018-08-29 05:50:55,head_ref_force_pushed,jacob314
1816701337,2018-08-29 20:59:05,referenced,jacob314
1816701339,2018-08-29 20:59:05,merged,jacob314
1816701342,2018-08-29 20:59:05,closed,jacob314
1813655872,2018-08-28 17:11:54,closed,jacob314
