id,date,event,creator_login
2159049941,2019-02-22 21:51:53,head_ref_force_pushed,jslavitz
2159057146,2019-02-22 21:55:41,head_ref_force_pushed,jslavitz
2182908595,2019-03-06 02:47:13,head_ref_force_pushed,jslavitz
2182912135,2019-03-06 02:49:51,head_ref_force_pushed,jslavitz
2102436396,2019-01-29 01:51:01,referenced,jslavitz
2102436399,2019-01-29 01:51:01,merged,jslavitz
2102436401,2019-01-29 01:51:01,closed,jslavitz
2090360875,2019-01-23 00:45:45,referenced,jslavitz
2090360876,2019-01-23 00:45:45,merged,jslavitz
2090360881,2019-01-23 00:45:46,closed,jslavitz
2084241522,2019-01-19 00:42:04,head_ref_force_pushed,jslavitz
2084243579,2019-01-19 00:44:10,head_ref_force_pushed,jslavitz
2090275673,2019-01-22 23:43:04,referenced,jslavitz
2090275675,2019-01-22 23:43:04,merged,jslavitz
2090275680,2019-01-22 23:43:04,closed,jslavitz
