id,date,creator_login
350864876,2018-08-15 15:55:15,jacob314
354824373,2018-08-28 17:11:39,jacob314
357337238,2018-09-05 17:51:57,jacob314
