id,date,creator_login
451720969,2019-06-03 22:43:01,Piinks
