id,date,creator_login
412212270,2019-02-20 02:17:46,xster
436440109,2019-04-24 00:04:39,xster
436961319,2019-04-25 00:32:35,xster
