id,date,event,creator_login
1768906594,2018-08-03 00:05:17,referenced,amirh
1768906595,2018-08-03 00:05:17,merged,amirh
1768906601,2018-08-03 00:05:17,closed,amirh
1768906640,2018-08-03 00:05:20,head_ref_deleted,amirh
