id,date,event,creator_login
1950231722,2018-11-06 22:09:12,referenced,tvolkert
1950231724,2018-11-06 22:09:12,merged,tvolkert
1950231727,2018-11-06 22:09:12,closed,tvolkert
1946802938,2018-11-05 17:04:24,referenced,tvolkert
1946802941,2018-11-05 17:04:24,merged,tvolkert
1946802947,2018-11-05 17:04:24,closed,tvolkert
