id,date,creator_login
346745222,2018-08-01 19:55:40,amirh
