id,date,event,creator_login
2357314961,2019-05-21 20:08:22,mentioned,GaryQian
2357314962,2019-05-21 20:08:22,subscribed,GaryQian
1831682936,2018-09-06 23:29:49,head_ref_deleted,GaryQian
