id,date,event,creator_login
2386458823,2019-06-03 22:44:20,referenced,Piinks
2386458824,2019-06-03 22:44:20,merged,Piinks
2386458833,2019-06-03 22:44:21,closed,Piinks
2386471223,2019-06-03 22:52:29,referenced,Piinks
2470075435,2019-07-09 17:08:35,head_ref_deleted,Piinks
