id,date,creator_login
400938076,2019-01-19 00:30:08,jslavitz
402019003,2019-01-23 00:45:28,jslavitz
402908646,2019-01-24 21:44:21,jslavitz
413590271,2019-02-22 21:41:30,jslavitz
