id,date,creator_login
403948400,2018-07-10 20:04:09,cbracken
