id,date,creator_login
339956461,2018-07-10 18:24:10,cbracken
339984604,2018-07-10 19:55:20,cbracken
340357731,2018-07-11 18:35:02,cbracken
