id,date,creator_login
410101196,2018-08-02 23:44:10,gspencergoog
