id,date,creator_login
403676200,2018-07-10 02:08:01,aam
