id,date,creator_login
329244335,2018-06-04 22:52:57,HansMuller
329486380,2018-06-05 14:36:11,HansMuller
