id,date,creator_login
446752240,2019-05-21 18:03:23,justinmc
447219856,2019-05-22 15:59:37,justinmc
