id,date,creator_login
512860939,2019-07-18 15:17:19,justinmc
494538992,2019-05-21 20:08:22,justinmc
