id,date,creator_login
339059526,2018-07-06 20:17:48,aam
339660551,2018-07-10 01:25:16,aam
