tvolkert,2018-05-01/2018-05-14
Hixie,2018-05-08/2018-05-31,2018-06-01/2018-06-21,2018-06-21/2018-07-16,2018-07-16/2018-12-23,2018-12-23/2019-01-14,2019-01-14/2019-02-05
xster,2018-05-08/2018-05-10,2018-05-10/2018-06-01,2018-06-01/2018-06-05,2018-06-05/2018-06-14,2018-06-14/2018-07-03,2018-07-03/2018-12-19,2018-12-19/2019-02-20,2019-02-20/2019-04-24
jason-simmons
HansMuller,2018-06-05/2018-06-08
liyuqian,2018-06-28/2018-08-03,2018-08-04/2018-08-06,2018-08-07/2018-08-17,2018-08-17/2018-08-21,2018-08-22/2018-09-04,2018-09-04/2018-09-13,2018-09-13/2018-10-12,2018-10-12/2018-10-17,2018-10-17/2018-11-12,2018-11-12/2019-01-18,2019-01-18/2019-03-09,2019-03-09/2019-03-15,2019-03-15/2019-04-16,2019-04-16/2019-04-29
matthew-carroll
goderbauer,2018-07-03/2018-09-11,2018-09-12/2018-11-05,2018-11-05/2019-01-16
aam,2018-07-06/2018-07-10
cbracken,2018-07-11/2019-03-05
doxuanviet1996
amirh
nataliesampsell
mkustermann
jacob314,2018-08-29/2018-09-05
GaryQian,2018-09-07/2018-09-11,2018-09-12/2018-10-15,2018-10-15/2018-10-23,2018-10-24/2018-11-16,2018-11-16/2019-01-15,2019-01-15/2019-01-30,2019-01-31/2019-02-07,2019-02-07/2019-03-05,2019-03-05/2019-04-12,2019-04-12/2019-04-17,2019-04-17/2019-04-26,2019-04-27/2019-04-29,2019-04-29/2019-05-01,2019-05-01/2019-05-30,2019-05-30/2019-06-04
mklim
jonahwilliams
alexmarkov
johnsonmh,2018-09-19/2018-12-11,2018-12-11/2019-01-30,2019-01-30/2019-02-05,2019-02-05/2019-02-08,2019-02-08/2019-03-04
mraleph
beckler
Salby
dnfield,2019-01-10/2019-01-23,2019-01-23/2019-02-20,2019-02-20/2019-03-08,2019-03-08/2019-03-14,2019-03-14/2019-03-18,2019-03-19/2019-04-24
rami-a,2019-01-22/2019-01-24,2019-01-24/2019-01-30,2019-01-30/2019-03-04
jslavitz,2019-01-23/2019-01-29
shihaohong
LongCatIsLooong,2019-04-10/2019-06-01
justinmc
dkwingsmt,2019-05-29/2019-06-04
Piinks
