tvolkert,13,14,0.14285714285714285
Hixie,23,20,25,160,22,22,275,0.03272727272727273
xster,2,22,4,9,19,169,63,63,353,0.028328611898016998
jason-simmons,1,1.0
HansMuller,3,5,0.6
liyuqian,36,2,10,4,13,9,29,5,26,67,50,6,32,13,308,0.06493506493506493
matthew-carroll,1,1.0
goderbauer,70,54,72,198,0.025252525252525252
aam,4,5,0.4
cbracken,237,239,0.012552301255230125
doxuanviet1996,1,1.0
amirh,1,1.0
nataliesampsell,1,1.0
mkustermann,1,1.0
jacob314,7,8,0.25
GaryQian,4,33,8,23,60,15,7,26,38,5,9,2,2,29,5,272,0.07720588235294118
mklim,1,1.0
jonahwilliams,1,1.0
alexmarkov,1,1.0
johnsonmh,83,50,6,3,24,167,0.03592814371257485
mraleph,1,1.0
beckler,2,1.0
Salby,1,1.0
dnfield,13,28,16,6,4,36,105,0.0761904761904762
rami-a,2,6,33,42,0.09523809523809523
jslavitz,6,8,0.375
shihaohong,2,1.0
LongCatIsLooong,52,53,0.03773584905660377
justinmc,2,1.0
dkwingsmt,6,7,0.2857142857142857
Piinks,2,1.0
