id
329244335
329486380
337708018
338050579
339059526
339660551
339956461
339984604
340357731
346745222
350784205
350864876
354824373
357337238
358965100
359433620
359441376
369572341
377019073
377608363
378028342
393597731
397562496
400938076
402019003
402908646
412212270
413590271
431251293
436440109
436904280
436961319
446752240
447219856
450034331
451032238
451720969
451740718
453635613
469485761
