id,date,creator_login
402199969,2018-07-03 15:35:41,goderbauer
