id,date,event,creator_login
1663877916,2018-06-05 14:36:24,referenced,HansMuller
1663877919,2018-06-05 14:36:24,merged,HansMuller
1663877927,2018-06-05 14:36:24,closed,HansMuller
1662455737,2018-06-04 22:53:14,referenced,HansMuller
1662455740,2018-06-04 22:53:14,merged,HansMuller
1662455741,2018-06-04 22:53:14,closed,HansMuller
