id,date,creator_login
436904280,2019-04-24 20:59:06,dnfield
