id,date,creator_login
486423652,2019-04-24 20:59:14,dnfield
481774335,2019-04-10 16:57:26,dnfield
452857227,2019-01-09 21:12:53,dnfield
452877249,2019-01-09 21:37:08,dnfield
452883378,2019-01-09 21:55:55,dnfield
452883584,2019-01-09 21:56:30,dnfield
452883798,2019-01-09 21:57:11,dnfield
