id,date,event,creator_login
2298484860,2019-04-24 20:59:19,referenced,dnfield
2298484861,2019-04-24 20:59:19,merged,dnfield
2298484864,2019-04-24 20:59:19,closed,dnfield
2298484979,2019-04-24 20:59:22,head_ref_deleted,dnfield
2298483425,2019-04-24 20:58:43,referenced,dnfield
2298484886,2019-04-24 20:59:20,referenced,dnfield
2064314169,2019-01-09 21:56:00,referenced,dnfield
2064314172,2019-01-09 21:56:00,merged,dnfield
2064314180,2019-01-09 21:56:00,closed,dnfield
