id,date,creator_login
494535872,2019-05-21 19:59:19,GaryQian
