id,date,creator_login
481890501,2019-04-10 22:31:08,xster
